   0  50  99  55  61
  52   0  70 110  93
 114  59   0 111  72
  75  56  91   0 112
  94  67  86  90   0

