1 
2 
4 
3 
4 
6 
5 
6 
8 
7 
8 
10 
9 
10 
12 
11 
9 
7 
5 
3 
1 
