112:
h=7,s=18,c=2,d=3,e=4,f=5,g=6,i=8,j=9,k=10,l=11,m=12,n=13,o=14,p=15
111:
h=7,s=18,c=2,d=3,e=4,f=5,g=6,i=8,j=9,k=10,l=10,m=12,n=13,o=14,p=15
110:
h=7,s=18,c=2,d=3,e=4,f=5,g=6,i=8,j=9,k=10,l=10,m=12,n=12,o=14,p=15
109:
h=7,s=18,c=2,d=3,e=4,f=5,g=6,i=8,j=9,k=10,l=10,m=12,n=12,o=14,p=14
h=6,s=18,c=2,d=3,e=4,f=5,g=6,i=8,j=8,k=10,l=11,m=12,n=13,o=14,p=15
