61
1 3 4 5 6 7 8 9 10 12 13 16 17 18 19 20 22 27 30 31 32 34 36 37 39 41 43 44 45 50 52 53 54 55 56 57 58 59 60 61 64 65 66 67 69 70 72 73 75 76 77 78 79 80 81 88 89 93 94 97 98
