h=7,s=18,c=2,d=3,e=4,f=5
106:
h=7,s=7,c=2,d=3,e=4,f=5
105:
h=5,s=5,c=2,d=3,e=4,f=5
