DEFINITION: THE DUAL SPACE OF A TOPOLOGICAL VECTOR SPACE X
            IS THE VECTOR SPACE X* WHOSE ELEMENTS ARE THE CONTINUOUS
	    LINEAR FUNCTIONALS ON X.

NOTE THAT ADDITION AND SCALAR MULTIPLICATION ARE DEFINED IN X* BY (...)
IT IS CLEAR THAT THESE OPERATIONS DO INDEED MAKE X* INTO A VECTOR SPACE.
