 A wins
 1 3
 2 3
 3 20
 4 18
 5 16
 6 20
 7 19
 8 18
 9 17
10 16
11 15
12 14
13 winning
14 12
15 11
16 10
17 9
18 8
19 7
20 6
