 A wins
 1 12
 2 8
 3 winning
 4 8
 5 9
 6 9
 7 9
 8 11
 9 12
10 1
11 8
12 9
13 winning
14 winning
15 winning
16 winning
17 winning
