 B wins
 1 15
 2 15
 3 14
 4 13
 5 12
 6 11
 7 10
 8 12
 9 11
10 12
11 12
12 11
13 4
14 3
15 2
